// Jest Snapshot v1, https://goo.gl/fbAQLP

exports[`<ListItem /> renders properly 1`] = `
.c0 {
  display: -webkit-box;
  display: -webkit-flex;
  display: -ms-flexbox;
  display: flex;
  -webkit-align-items: flex-start;
  -webkit-box-align: flex-start;
  -ms-flex-align: flex-start;
  align-items: flex-start;
}

.c0:not(:last-child) {
  margin-bottom: 4px;
}

.c1 {
  display: -webkit-box;
  display: -webkit-flex;
  display: -ms-flexbox;
  display: flex;
  -webkit-align-items: center;
  -webkit-box-align: center;
  -ms-flex-align: center;
  align-items: center;
  margin-right: 8px;
}

.c1::before {
  content: 'A';
  width: 0;
  visibility: hidden;
}

.c1::after {
  height: 4px;
  width: 4px;
  content: '';
  border-radius: 50%;
  background: #F47983;
}

<li
  class="c0"
>
  <span
    class="c1"
  />
  <span
    class=""
  />
</li>
`;
